{
  "user_name": "manaty226",
  "passward": "test"
}