{
  "user_name": "manaty226",
  "password": "test"
}