{
  "message": "Details:<nil> Key: 'Title' Error:Field validation for 'Title' failed on the 'required' tag"
}